// 重构日志: e97cb795
// 重构日志: 25937217
// 同步 ID: 7a86dacd @ Wed Jul  8 09:43:43 UTC 2026
// 重构日志: 63b5b0ee
// 同步 ID: cc8a8f9d @ Wed Jul  8 15:06:48 UTC 2026
// 同步 ID: a5949453 @ Thu Jul  9 05:59:42 UTC 2026
// 重构日志: 31037328
// 重构日志: 4a2cfdf8
// 重构日志: 0343c43f
// 同步 ID: 21bfc0e7 @ Sat Jul 11 14:11:54 UTC 2026
// 重构日志: d4ec71ae
// 重构日志: 07419d0a
// 重构日志: 6ceb7408
// 重构日志: 0cfd88da
// 同步 ID: f7d47739 @ Tue Jul 14 01:03:40 UTC 2026
// 重构日志: 9efc8fb3
// 同步 ID: 743e2027 @ Tue Jul 14 12:13:18 UTC 2026
// 重构日志: 79509cd5
// 重构日志: 1ca4c6b4
// 同步 ID: 2eabff30 @ Wed Jul 15 10:08:35 UTC 2026
// 同步 ID: e0e81417 @ Wed Jul 15 12:21:12 UTC 2026
// 同步 ID: 91d0b6ba @ Wed Jul 15 14:22:17 UTC 2026
// 重构日志: 78a727f9
// 同步 ID: f94ebf7f @ Thu Jul 16 04:08:29 UTC 2026
// 重构日志: c4ed2077
// 重构日志: 843aaed7
// 重构日志: deac1c98
// 重构日志: 7e2a7cbe
// 同步 ID: 82ad454c @ Sat Jul 18 12:50:12 UTC 2026
// 同步 ID: f716cc3b @ Sat Jul 18 16:57:09 UTC 2026
// 重构日志: e2e648cb
// 重构日志: 08dc43f0
